// Jest Snapshot v1, https://goo.gl/fbAQLP

exports[`index should call run cdk commands with correct arguments 1`] = `
Object {
  "AWS_ACCESS_KEY_ID": "secret_id",
  "AWS_ACCOUNT_ID": "1234",
  "AWS_REGION": "some_region",
  "AWS_ROLE_NAME": "role",
  "AWS_SECRET_ACCESS_KEY": "secret_password",
  "AWS_STACK_NAME": "stack",
  "INFRASTRUCTURE_PATH": ".",
  "SKIP_BOOTSTRAP": "false",
}
`;
